
> rebookindia@1.0.0 build
> turbo run build

node.exe : ΓÇó turbo 2.8.15
At line:1 char:1
+ & "C:\Program 
Files\nodejs/node.exe" 
"C:\Program 
Files\nodejs/node_mo ...
+ ~~~~~~~~~~~~~~~~~~~~~~~~~~~
~~~~~~~~~~~~~~~~~~~~~~~~~~~~~
~~~~~~~~~~~~~
    + CategoryInfo           
   : NotSpecified: (ΓÇó tur  
  bo 2.8.15:String) [], Re   
 moteException
    + FullyQualifiedErrorId  
   : NativeCommandError
 
ΓÇó Packages in scope: @rebookindia/firebase, @rebookindia/types, @rebookindia/ui, @rebookindia/utils, admin, customer, vendor
ΓÇó Running build in 7 packages
ΓÇó Remote caching disabled
admin:build: cache miss, executing feef96a843a93598
vendor:build: cache miss, executing fe171032c5c63a69
customer:build: cache miss, executing 3d7dada3885a9b9c
customer:build: 
customer:build: > customer@0.1.0 build
customer:build: > next build
customer:build: 
vendor:build: 
vendor:build: > vendor@0.1.0 build
vendor:build: > next build
vendor:build: 
admin:build: 
admin:build: > admin@0.1.0 build
admin:build: > next build
admin:build: 
vendor:build:   Γû▓ Next.js 14.2.35
vendor:build:   - Environments: .env.local
vendor:build: 
admin:build:   Γû▓ Next.js 14.2.35
admin:build:   - Environments: .env.local
admin:build: 
vendor:build:    Creating an optimized production build ...
admin:build:    Creating an optimized production build ...
customer:build:   Γû▓ Next.js 14.2.35
customer:build:   - Environments: .env.local
customer:build: 
customer:build:    Creating an optimized production build ...
vendor:build: Failed to compile.
vendor:build: 
vendor:build: ./src/app/inventory/add/page.tsx
vendor:build: Module not found: Can't resolve 'appwrite'
vendor:build: 
vendor:build: https://nextjs.org/docs/messages/module-not-found
vendor:build: 
vendor:build: 
vendor:build: > Build failed because of webpack errors
vendor:build: npm error Lifecycle script `build` failed with error:
vendor:build: npm error code 1
vendor:build: npm error path C:\Users\admin\Desktop\rebookindiav2\apps\vendor
vendor:build: npm error workspace vendor@0.1.0
vendor:build: npm error location C:\Users\admin\Desktop\rebookindiav2\apps\vendor
vendor:build: npm error command failed
vendor:build: npm error command C:\Windows\system32\cmd.exe /d /s /c next build
vendor:build: ERROR: command 
finished with error: command 
(C:\Users\admin\Desktop\reboo
kindiav2\apps\vendor) 
C:\Program 
Files\nodejs\npm.cmd run 
build exited (1)
vendor#build: command (C:\Use
rs\admin\Desktop\rebookindiav
2\apps\vendor) C:\Program 
Files\nodejs\npm.cmd run 
build exited (1)

 Tasks:    0 successful, 3 total
Cached:    0 cached, 3 total
  Time:    23.088s 
Failed:    vendor#build

 ERROR  run failed: command  
exited (1)
