node.exe : ΓÇó turbo 
2.8.15
At line:1 char:1
+ & "C:\Program 
Files\nodejs/node.exe" 
"C:\Program 
Files\nodejs/node_mo ...
+ ~~~~~~~~~~~~~~~~~~~~~~~~
~~~~~~~~~~~~~~~~~~~~~~~~~~
~~~~~~~~~~~~~~~~~~~
    + CategoryInfo        
      : NotSpecified: (Γ  
  Çó turbo 2.8.15:Strin   
 g) [], RemoteExceptio    
n
    + FullyQualifiedError 
   Id : NativeCommandErr  
  or
 
ΓÇó Packages in scope: customer
ΓÇó Running build in 1 packages
ΓÇó Remote caching disabled
customer:build: cache miss, executing 052f4b48cb3e9a66
customer:build: 
customer:build: > customer@0.1.0 build
customer:build: > next build
customer:build: 
customer:build:   Γû▓ Next.js 14.2.35
customer:build:   - Environments: .env.local
customer:build: 
customer:build:    Creating an optimized production build ...
customer:build:  ΓÜá Compiled with warnings
customer:build: 
customer:build: ./src/components/ImageUploader.tsx
customer:build: Attempted import error: 'uploadToCloudinary' is not exported from '@/lib/cloudinary' (imported as 'uploadToCloudinary').
customer:build: 
customer:build: Import trace for requested module:
customer:build: ./src/components/ImageUploader.tsx
customer:build: ./src/app/account/page.tsx
customer:build: 
customer:build:  ΓÜá Compiled with warnings
customer:build: 
customer:build: ./src/components/ImageUploader.tsx
customer:build: Attempted import error: 'uploadToCloudinary' is not exported from '@/lib/cloudinary' (imported as 'uploadToCloudinary').
customer:build: 
customer:build: Import trace for requested module:
customer:build: ./src/components/ImageUploader.tsx
customer:build: ./src/app/account/page.tsx
customer:build: 
customer:build:  Γ£ô Compiled successfully
customer:build:    Linting and checking validity of types ...
customer:build: Failed to compile.
customer:build: 
customer:build: ./src/app/account/page.tsx:39:23
customer:build: Type error: Property 'prefs' does not exist on type '{ $id: string; uid: string; email: string; name: string; }'.
customer:build: 
customer:build: [0m [90m 37 |[39m         setUser(u)[33m;[39m[0m
customer:build: [0m [90m 38 |[39m         setNewName(u[33m.[39mname)[33m;[39m[0m
customer:build: [0m[31m[1m>[22m[39m[90m 39 |[39m         setPhotoUrl(u[33m.[39mprefs[33m?[39m[33m.[39mphotoUrl [33m||[39m [32m""[39m)[33m;[39m[0m
customer:build: [0m [90m    |[39m                       [31m[1m^[22m[39m[0m
customer:build: [0m [90m 40 |[39m         [0m
customer:build: [0m [90m 41 |[39m         [90m// Fetch orders[39m[0m
customer:build: [0m [90m 42 |[39m         [36mconst[39m ordersRes [33m=[39m [36mawait[39m databases[33m.[39mlistDocuments([0m
customer:build: Next.js build worker exited with code: 1 and signal: null
customer:build: npm error Lifecycle script `build` failed with error:
customer:build: npm error code 1
customer:build: npm error path C:\Users\admin\Desktop\rebookindiav2\apps\customer
customer:build: npm error workspace customer@0.1.0
customer:build: npm error location C:\Users\admin\Desktop\rebookindiav2\apps\customer
customer:build: npm error command failed
customer:build: npm error command C:\Windows\system32\cmd.exe /d /s /c next build
customer:build: ERROR: 
command finished with 
error: command (C:\Users\a
dmin\Desktop\rebookindiav2
\apps\customer) 
C:\Program 
Files\nodejs\npm.cmd run 
build exited (1)
customer#build: command (C
:\Users\admin\Desktop\rebo
okindiav2\apps\customer) 
C:\Program 
Files\nodejs\npm.cmd run 
build exited (1)

 Tasks:    0 successful, 1 total
Cached:    0 cached, 1 total
  Time:    26.676s 
Failed:    customer#build

 ERROR  run failed: 
command  exited (1)
