packages/ui/src/components/BookCover.tsx(41,10): error TS2786: 'BookIcon' cannot be used as a JSX component.
  Its type 'ForwardRefExoticComponent<Omit<LucideProps, "ref"> & RefAttributes<SVGSVGElement>>' is not a valid JSX element type.
    Type 'ForwardRefExoticComponent<Omit<LucideProps, "ref"> & RefAttributes<SVGSVGElement>>' is not assignable to type '(props: any, deprecatedLegacyContext?: any) => ReactNode'.
      Type 'React.ReactNode' is not assignable to type 'import("C:/Users/admin/Desktop/rebookindiav2/packages/ui/node_modules/@types/react/index").ReactNode'.
        Type 'bigint' is not assignable to type 'ReactNode'.
